2026-08-25 16:40:21,307 [INFO] 建立生產資料夾: manufacturing_hub
2026-08-25 16:40:21,307 [INFO] 開始抓取外部資料: https://raw.githubusercontent.com/octokit/octokit.rb/main/README.md
2026-08-25 16:40:24,907 [INFO] 開始融合製造: ExternalDataSynthesizer
2026-08-25 16:40:24,911 [INFO] 產物寫入成功: manufacturing_hub/externaldatasynthesizer.py
2026-08-25 16:40:24,912 [INFO] 開始品質測試: manufacturing_hub/externaldatasynthesizer.py
2026-08-25 16:40:24,992 [INFO] 測試成功: manufacturing_hub/externaldatasynthesizer.py, 輸出: -> 🚀 成功執行融合生產模組: ExternalDataSynthesizer
   - 外部融合資料長度: 33414 字元
2026-08-25 16:40:24,993 [INFO] 生產記錄已寫入資料庫: production_database.json
2026-08-25 16:48:27,584 [INFO] 開始抓取外部資料: https://raw.githubusercontent.com/octokit/octokit.rb/main/README.md
2026-08-25 16:48:28,129 [INFO] 開始融合製造: OctokitDocs
2026-08-25 16:48:28,136 [INFO] 產物寫入成功: manufacturing_hub/octokitdocs.py
2026-08-25 16:48:28,137 [INFO] 開始品質測試: manufacturing_hub/octokitdocs.py
2026-08-25 16:48:28,218 [INFO] 測試成功: manufacturing_hub/octokitdocs.py
2026-08-25 16:48:28,230 [INFO] 擴充記錄已寫入資料庫: production_database.json
2026-08-25 16:48:28,230 [INFO] 開始抓取外部資料: https://raw.githubusercontent.com/python/cpython/main/README.rst
2026-08-25 16:48:28,881 [INFO] 開始融合製造: PythonReadme
2026-08-25 16:48:28,887 [INFO] 產物寫入成功: manufacturing_hub/pythonreadme.py
2026-08-25 16:48:28,889 [INFO] 開始品質測試: manufacturing_hub/pythonreadme.py
2026-08-25 16:48:28,962 [INFO] 測試成功: manufacturing_hub/pythonreadme.py
2026-08-25 16:48:28,963 [INFO] 擴充記錄已寫入資料庫: production_database.json
2026-08-25 16:55:24,072 [INFO] 開始抓取外部資料: https://raw.githubusercontent.com/octokit/octokit.rb/main/README.md
2026-08-25 16:55:24,584 [INFO] 開始融合製造: OctokitDocs
2026-08-25 16:55:24,597 [INFO] 產物寫入成功: manufacturing_hub/octokitdocs.py
2026-08-25 16:55:24,598 [INFO] 開始品質測試: manufacturing_hub/octokitdocs.py
2026-08-25 16:55:24,669 [INFO] 測試成功: manufacturing_hub/octokitdocs.py
2026-08-25 16:55:24,676 [INFO] 記錄已寫入資料庫: production_database.json
2026-08-25 16:55:24,676 [INFO] 開始抓取外部資料: https://raw.githubusercontent.com/python/cpython/main/README.rst
2026-08-25 16:55:25,149 [INFO] 開始融合製造: PythonReadme
2026-08-25 16:55:25,166 [INFO] 產物寫入成功: manufacturing_hub/pythonreadme.py
2026-08-25 16:55:25,167 [INFO] 開始品質測試: manufacturing_hub/pythonreadme.py
2026-08-25 16:55:25,250 [INFO] 測試成功: manufacturing_hub/pythonreadme.py
2026-08-25 16:55:25,251 [INFO] 記錄已寫入資料庫: production_database.json
2026-08-25 16:59:40,229 [INFO] 開始抓取外部資料: https://raw.githubusercontent.com/octokit/octokit.rb/main/README.md
2026-08-25 16:59:40,515 [INFO] 開始融合製造: OctokitDocs
2026-08-25 16:59:40,525 [INFO] 產物寫入成功: manufacturing_hub/octokitdocs.py
2026-08-25 16:59:40,525 [INFO] 開始品質測試: manufacturing_hub/octokitdocs.py
2026-08-25 16:59:40,628 [INFO] 測試成功: manufacturing_hub/octokitdocs.py
2026-08-25 16:59:40,642 [INFO] 詳細記錄已寫入資料庫: production_database.json
2026-08-25 16:59:40,643 [INFO] 開始抓取外部資料: https://raw.githubusercontent.com/python/cpython/main/README.rst
2026-08-25 16:59:40,916 [INFO] 開始融合製造: PythonReadme
2026-08-25 16:59:40,920 [INFO] 產物寫入成功: manufacturing_hub/pythonreadme.py
2026-08-25 16:59:40,921 [INFO] 開始品質測試: manufacturing_hub/pythonreadme.py
2026-08-25 16:59:41,033 [INFO] 測試成功: manufacturing_hub/pythonreadme.py
2026-08-25 16:59:41,034 [INFO] 詳細記錄已寫入資料庫: production_database.json
2026-08-25 17:04:02,140 [INFO] 開始抓取外部程式碼: https://raw.githubusercontent.com/psf/requests/main/requests/__init__.py
2026-08-25 17:04:02,674 [WARNING] 抓取失敗 (嘗試 1/3): HTTP Error 404: Not Found
2026-08-25 17:04:05,251 [WARNING] 抓取失敗 (嘗試 2/3): HTTP Error 404: Not Found
2026-08-25 17:04:07,540 [WARNING] 抓取失敗 (嘗試 3/3): HTTP Error 404: Not Found
2026-08-25 17:04:07,542 [ERROR] 外部程式碼抓取最終失敗: https://raw.githubusercontent.com/psf/requests/main/requests/__init__.py
2026-08-25 17:05:49,536 [INFO] 開始抓取外部程式碼: https://raw.githubusercontent.com/psf/requests/main/requests/__init__.py
2026-08-25 17:05:50,019 [WARNING] 抓取失敗 (嘗試 1/3): HTTP Error 404: Not Found
2026-08-25 17:05:52,277 [WARNING] 抓取失敗 (嘗試 2/3): HTTP Error 404: Not Found
2026-08-25 17:05:54,547 [WARNING] 抓取失敗 (嘗試 3/3): HTTP Error 404: Not Found
2026-08-25 17:05:54,548 [ERROR] 外部程式碼抓取最終失敗: https://raw.githubusercontent.com/psf/requests/main/requests/__init__.py
2026-08-25 17:09:32,703 [INFO] 開始抓取外部程式碼: https://raw.githubusercontent.com/psf/requests/main/requests/__init__.py
2026-08-25 17:09:33,273 [WARNING] 抓取失敗 (嘗試 1/3): HTTP Error 404: Not Found
2026-08-25 17:09:35,646 [WARNING] 抓取失敗 (嘗試 2/3): HTTP Error 404: Not Found
2026-08-25 17:09:37,893 [WARNING] 抓取失敗 (嘗試 3/3): HTTP Error 404: Not Found
2026-08-25 17:09:37,894 [ERROR] 外部程式碼抓取最終失敗: https://raw.githubusercontent.com/psf/requests/main/requests/__init__.py
2026-08-25 17:14:00,417 [INFO] 開始抓取外部資料: https://raw.githubusercontent.com/octokit/octokit.rb/main/README.md
2026-08-25 17:14:00,948 [INFO] 開始動態融合: OctokitDocs
2026-08-25 17:14:00,956 [INFO] 模組寫入成功: manufacturing_hub/octokitdocs.py
2026-08-25 17:14:00,957 [INFO] 開始品質測試: manufacturing_hub/octokitdocs.py
2026-08-25 17:14:01,171 [INFO] 檢驗成功: manufacturing_hub/octokitdocs.py
2026-08-25 17:14:01,181 [INFO] 詳細記錄已寫入資料庫: production_database.json
2026-08-25 17:14:01,182 [INFO] 開始抓取外部資料: https://raw.githubusercontent.com/python/cpython/main/README.rst
2026-08-25 17:14:01,679 [INFO] 開始動態融合: PythonReadme
2026-08-25 17:14:01,690 [INFO] 模組寫入成功: manufacturing_hub/pythonreadme.py
2026-08-25 17:14:01,691 [INFO] 開始品質測試: manufacturing_hub/pythonreadme.py
2026-08-25 17:14:01,897 [INFO] 檢驗成功: manufacturing_hub/pythonreadme.py
2026-08-25 17:14:01,903 [INFO] 詳細記錄已寫入資料庫: production_database.json
2026-08-25 17:14:01,905 [INFO] 開始抓取外部資料: https://raw.githubusercontent.com/psf/requests/main/requests/__init__.py
2026-08-25 17:14:02,367 [WARNING] 抓取失敗 (嘗試 1/3): HTTP Error 404: Not Found
2026-08-25 17:14:04,772 [WARNING] 抓取失敗 (嘗試 2/3): HTTP Error 404: Not Found
2026-08-25 17:14:07,062 [WARNING] 抓取失敗 (嘗試 3/3): HTTP Error 404: Not Found
2026-08-25 17:14:07,063 [ERROR] 外部資料抓取最終失敗: https://raw.githubusercontent.com/psf/requests/main/requests/__init__.py
2026-08-25 17:17:59,398 [INFO] 開始抓取完整檔案: https://raw.githubusercontent.com/psf/requests/main/requests/utils.py
2026-08-25 17:17:59,950 [WARNING] 抓取失敗 (嘗試 1/3): HTTP Error 404: Not Found
2026-08-25 17:18:02,215 [WARNING] 抓取失敗 (嘗試 2/3): HTTP Error 404: Not Found
2026-08-25 17:18:04,425 [WARNING] 抓取失敗 (嘗試 3/3): HTTP Error 404: Not Found
2026-08-25 17:18:04,425 [ERROR] 遠端完整檔案抓取最終失敗: https://raw.githubusercontent.com/psf/requests/main/requests/utils.py
2026-08-25 17:19:37,988 [ERROR] 檔案抓取最終失敗: https://raw.githubusercontent.com/psf/requests/main/requests/api.py
2026-08-25 17:19:43,037 [ERROR] 檔案抓取最終失敗: https://raw.githubusercontent.com/psf/requests/main/requests/models.py
2026-08-25 17:19:48,191 [ERROR] 檔案抓取最終失敗: https://raw.githubusercontent.com/psf/requests/main/requests/sessions.py
2026-08-25 17:20:46,334 [ERROR] 檔案抓取最終失敗: https://raw.githubusercontent.com/psf/requests/main/requests/__init__.py
2026-08-25 17:20:51,352 [ERROR] 檔案抓取最終失敗: https://raw.githubusercontent.com/psf/requests/main/requests/exceptions.py
2026-08-25 17:20:56,162 [ERROR] 檔案抓取最終失敗: https://raw.githubusercontent.com/psf/requests/main/requests/__init__.py
2026-08-25 17:33:41,813 [ERROR] 全球原始碼下載最終失敗: https://raw.githubusercontent.com/Textualize/rich/refs/heads/master/rich/__init__.py
2026-08-25 17:38:28,274 [ERROR] 全球原始碼下載最終失敗: https://raw.githubusercontent.com/encode/starlette/refs/heads/master/starlette/__init__.py
2026-08-25 19:32:22,523 - [INFO] - MatrixSystem - 這是一則測試日誌訊息。
