2026-08-24 23:26:51 [INFO] 開始執行生態系模組自我測試...
2026-08-24 23:26:51 [INFO] 檢查通過：找到必要檔案 [main_ecosystem.py]
2026-08-24 23:26:51 [INFO] 檢查通過：找到必要檔案 [genesis_config.json]
2026-08-25 09:19:41 [INFO] 系統日誌模組初始化測試成功。
2026-08-25 09:22:42 [INFO] Genesis Master Engine 系統全面啟動中...
2026-08-25 09:22:42 [INFO] 觸發完整自動化管線，當前時間: 2026-08-25 09:22:42
2026-08-25 09:22:42 [INFO] 步驟 1 (資料抓取與儲存) 執行成功。
2026-08-25 09:22:42 [INFO] 步驟 2 (AI 智慧分析) 執行成功。
2026-08-25 09:28:54 [INFO] Genesis Master Engine 完整生態系啟動中...
2026-08-25 09:28:54 [INFO] 觸發完整自動化管線，當前時間: 2026-08-25 09:28:54
2026-08-25 09:28:54 [INFO] 步驟 0 (Shell 系統維護) 執行成功。
2026-08-25 09:28:54 [INFO] 步驟 1 (資料抓取與儲存) 執行成功。
2026-08-25 09:28:54 [INFO] 步驟 2 (AI 智慧分析) 執行成功。
2026-08-25 09:34:10 [INFO] Genesis Master Engine 多語言生態系啟動中...
2026-08-25 09:34:10 [INFO] 觸發完整自動化管線，當前時間: 2026-08-25 09:34:10
2026-08-25 09:34:10 [INFO] 步驟 0 (Shell 系統維護) 執行成功。
2026-08-25 09:34:12 [INFO] 步驟 1 (Node.js 網路模組) 執行成功。
2026-08-25 09:34:12 [INFO] 步驟 2 (Python 資料抓取與儲存) 執行成功。
2026-08-25 09:34:12 [INFO] 步驟 3 (AI 智慧分析) 執行成功。
2026-08-25 09:39:22 [INFO] Genesis Master Engine 全端多語言生態系啟動中...
2026-08-25 09:39:22 [INFO] 觸發完整自動化管線，當前時間: 2026-08-25 09:39:22
2026-08-25 09:39:22 [INFO] 步驟 0 (Shell 系統維護) 執行成功。
2026-08-25 09:39:23 [INFO] 步驟 1 (Node.js 網路模組) 執行成功。
2026-08-25 09:39:23 [INFO] 步驟 2 (C/C++ 高效能運算模組) 執行成功。
2026-08-25 09:39:23 [INFO] 步驟 3 (Python 資料抓取與儲存) 執行成功。
2026-08-25 09:39:23 [INFO] 步驟 4 (AI 智慧分析) 執行成功。
2026-08-25 09:39:34 [INFO] 步驟 5 (Git 自動同步) 執行成功。
TEST_LOG_ENTRY
