nohup: ignoring input
-> 🌐 [Master Pipeline] 正在初始化全面升級的實戰生態系...
-> 🌟 [Genesis Engine] 正在初始化全面升級的多語言自動化生態系...
-> ⚙️ [ConfigLoader] 正在載入系統設定檔...
   [✕] 解析設定檔發生異常: Extra data: line 8 column 1 (char 144)
-> 🚀 [Execution] 開始執行全系統端到端自動化任務...
-> 🛡️ [SafeExecute] 開始安全執行: Advanced_Pipeline_Execution
-> 🚀 [Pipeline] 開始執行模式 [production] 的自動化管線...
-> 💓 [Heartbeat] 系統心跳正常：當前運作中 (2026-08-25 10:41:10)
-> 📊 [Monitor] 開始檢查系統磁碟空間...
   [✓] 磁碟總容量: 43681 MB
   [✓] 已使用空間: 38881 MB
   [✓] 剩餘可用空間: 4716 MB
-> 🔍 [LogAnalyzer] 開始掃描與分析系統日誌...
   [✓] 分析完成：發現 0 個錯誤訊息，0 個警告訊息。
-> 📦 [Backup] 開始執行資料庫與日誌備份...
   [✓] 系統日誌已成功備份至: backups/genesis_system_20260825_104110.log
   [✓] 所有升級版自動化管線任務已圓滿完成！
   [✓] Advanced_Pipeline_Execution 執行成功。
-> [✨] 所有實戰模組已完美協同運作完畢！
-> [🎉] 總管線任務執行完畢，總耗時: 0.0007 秒

