2026-08-22 10:54:14,891 [INFO] 🚀 啟動全自動化 AI 變現管線（排程與渲染整合版）...
2026-08-22 10:54:14,891 [INFO] 🚀 開始處理自動化主題: 2026年人工智慧技術的新突破
2026-08-22 10:54:14,891 [INFO] 📝 正在生成主題 [2026年人工智慧技術的新突破] 的 AI 腳本...
2026-08-22 10:54:14,891 [INFO] 🎬 正在將提示詞送往 Kling AI 雲端進行渲染: 探索 2026年人工智慧技術的新突破 的關鍵未來趨勢！抓住時代的變革。 #Shorts
2026-08-22 10:54:14,892 [INFO] ✨ 影片渲染就緒，檔案路徑: videos/test_short.mp4
2026-08-22 10:54:14,892 [INFO] 📤 準備將檔案 [videos/test_short.mp4] 上傳至 YouTube Shorts...
2026-08-22 10:54:14,917 [INFO] 🎉 主題 [2026年人工智慧技術的新突破] 處理完畢，已寫入資料庫！
2026-08-22 10:54:16,919 [INFO] 🚀 開始處理自動化主題: 自動化程式開發與終端機效率革命
2026-08-22 10:54:16,919 [INFO] 📝 正在生成主題 [自動化程式開發與終端機效率革命] 的 AI 腳本...
2026-08-22 10:54:16,920 [INFO] 🎬 正在將提示詞送往 Kling AI 雲端進行渲染: 探索 自動化程式開發與終端機效率革命 的關鍵未來趨勢！抓住時代的變革。 #Shorts
2026-08-22 10:54:16,920 [INFO] ✨ 影片渲染就緒，檔案路徑: videos/test_short.mp4
2026-08-22 10:54:16,920 [INFO] 📤 準備將檔案 [videos/test_short.mp4] 上傳至 YouTube Shorts...
2026-08-22 10:54:16,940 [INFO] 🎉 主題 [自動化程式開發與終端機效率革命] 處理完畢，已寫入資料庫！
2026-08-22 10:54:18,943 [INFO] 🚀 開始處理自動化主題: 無人化 AI 變現管線的架構解析
2026-08-22 10:54:18,944 [INFO] 📝 正在生成主題 [無人化 AI 變現管線的架構解析] 的 AI 腳本...
2026-08-22 10:54:18,945 [INFO] 🎬 正在將提示詞送往 Kling AI 雲端進行渲染: 探索 無人化 AI 變現管線的架構解析 的關鍵未來趨勢！抓住時代的變革。 #Shorts
2026-08-22 10:54:18,946 [INFO] ✨ 影片渲染就緒，檔案路徑: videos/test_short.mp4
2026-08-22 10:54:18,947 [INFO] 📤 準備將檔案 [videos/test_short.mp4] 上傳至 YouTube Shorts...
2026-08-22 10:54:18,978 [INFO] 🎉 主題 [無人化 AI 變現管線的架構解析] 處理完畢，已寫入資料庫！
2026-08-22 10:54:20,980 [INFO] 🌟 本輪批次自動化任務全部執行完成！
2026-08-22 10:56:21,776 [INFO] 🚀 啟動全自動化 AI 變現管線（真實上傳整合版）...
2026-08-22 10:56:21,778 [INFO] 🚀 開始處理自動化主題: 2026年人工智慧技術的新突破
2026-08-22 10:56:21,778 [INFO] 📝 正在生成主題 [2026年人工智慧技術的新突破] 的 AI 腳本...
2026-08-22 10:56:21,779 [INFO] 🎬 正在準備主題影片檔...
2026-08-22 10:56:21,779 [INFO] ✨ 成功讀取影片路徑: videos/test_short.mp4 (大小: 17 bytes)
2026-08-22 10:56:21,779 [INFO] 📤 準備將檔案 [videos/test_short.mp4] 真實上傳至 YouTube Shorts...
2026-08-22 10:56:21,791 [INFO] file_cache is only supported with oauth2client<4.0.0
2026-08-22 10:56:24,398 [INFO] 🎉 真實 YouTube 影片上傳成功！影片代號: N_rcsx1byVA
2026-08-22 10:56:24,461 [INFO] 🎉 主題 [2026年人工智慧技術的新突破] 上傳完畢，已寫入資料庫！
2026-08-22 10:56:26,463 [INFO] 🌟 本輪批次自動化任務全部執行完成！
