2026-08-19 16:18:38,373 [INFO] Address 0xEb6cFa14dfe297ecf6087247c7Ca8ae409A8D3f5 executed: 執行測試網協議智能合約互動...
2026-08-19 16:18:48,376 [INFO] Address 0xEb6cFa14dfe297ecf6087247c7Ca8ae409A8D3f5 executed: 檢查小號 Gas 費餘額...
2026-08-19 16:18:58,377 [INFO] Address 0xEb6cFa14dfe297ecf6087247c7Ca8ae409A8D3f5 executed: 檢測是否有可領取的空投或收益...
2026-08-19 16:19:08,378 [INFO] Address 0xEb6cFa14dfe297ecf6087247c7Ca8ae409A8D3f5 executed: 檢測是否有可領取的空投或收益...
2026-08-19 16:19:18,381 [INFO] Address 0xEb6cFa14dfe297ecf6087247c7Ca8ae409A8D3f5 executed: 執行測試網協議智能合約互動...
2026-08-19 16:19:28,384 [INFO] Address 0xEb6cFa14dfe297ecf6087247c7Ca8ae409A8D3f5 executed: 符合條件：準備執行安全出金通道...
2026-08-19 16:19:38,385 [INFO] Address 0xEb6cFa14dfe297ecf6087247c7Ca8ae409A8D3f5 executed: 檢測是否有可領取的空投或收益...
2026-08-19 16:19:48,388 [INFO] Address 0xEb6cFa14dfe297ecf6087247c7Ca8ae409A8D3f5 executed: 符合條件：準備執行安全出金通道...
2026-08-19 16:19:58,390 [INFO] Address 0xEb6cFa14dfe297ecf6087247c7Ca8ae409A8D3f5 executed: 執行測試網協議智能合約互動...
2026-08-19 16:20:08,392 [INFO] Address 0xEb6cFa14dfe297ecf6087247c7Ca8ae409A8D3f5 executed: 執行測試網協議智能合約互動...
2026-08-19 16:20:18,393 [INFO] Address 0xEb6cFa14dfe297ecf6087247c7Ca8ae409A8D3f5 executed: 檢查小號 Gas 費餘額...
2026-08-19 16:20:28,394 [INFO] Address 0xEb6cFa14dfe297ecf6087247c7Ca8ae409A8D3f5 executed: 檢測是否有可領取的空投或收益...
2026-08-19 16:20:38,395 [INFO] Address 0xEb6cFa14dfe297ecf6087247c7Ca8ae409A8D3f5 executed: 檢查小號 Gas 費餘額...
2026-08-19 16:20:47,656 [INFO] Address 0xEb6cFa14dfe297ecf6087247c7Ca8ae409A8D3f5 executed: 執行測試網協議智能合約互動...
2026-08-19 16:20:48,396 [INFO] Address 0xEb6cFa14dfe297ecf6087247c7Ca8ae409A8D3f5 executed: 檢測是否有可領取的空投或收益...
2026-08-19 16:20:57,659 [INFO] Address 0xEb6cFa14dfe297ecf6087247c7Ca8ae409A8D3f5 executed: 檢測是否有可領取的空投或收益...
2026-08-19 16:20:58,398 [INFO] Address 0xEb6cFa14dfe297ecf6087247c7Ca8ae409A8D3f5 executed: 執行測試網協議智能合約互動...
2026-08-19 16:21:08,400 [INFO] Address 0xEb6cFa14dfe297ecf6087247c7Ca8ae409A8D3f5 executed: 執行測試網協議智能合約互動...
2026-08-19 16:21:18,401 [INFO] Address 0xEb6cFa14dfe297ecf6087247c7Ca8ae409A8D3f5 executed: 符合條件：準備執行安全出金通道...
2026-08-19 16:21:20,463 [INFO] Address 0xEb6cFa14dfe297ecf6087247c7Ca8ae409A8D3f5 executed: 檢測是否有可領取的空投或收益...
2026-08-19 16:21:28,403 [INFO] Address 0xEb6cFa14dfe297ecf6087247c7Ca8ae409A8D3f5 executed: 符合條件：準備執行安全出金通道...
2026-08-19 16:21:30,465 [INFO] Address 0xEb6cFa14dfe297ecf6087247c7Ca8ae409A8D3f5 executed: 執行測試網協議智能合約互動...
2026-08-19 16:21:38,404 [INFO] Address 0xEb6cFa14dfe297ecf6087247c7Ca8ae409A8D3f5 executed: 檢測是否有可領取的空投或收益...
2026-08-19 16:21:40,466 [INFO] Address 0xEb6cFa14dfe297ecf6087247c7Ca8ae409A8D3f5 executed: 執行測試網協議智能合約互動...
2026-08-19 16:21:48,405 [INFO] Address 0xEb6cFa14dfe297ecf6087247c7Ca8ae409A8D3f5 executed: 檢查小號 Gas 費餘額...
2026-08-19 16:21:50,467 [INFO] Address 0xEb6cFa14dfe297ecf6087247c7Ca8ae409A8D3f5 executed: 檢測是否有可領取的空投或收益...
2026-08-19 16:21:58,406 [INFO] Address 0xEb6cFa14dfe297ecf6087247c7Ca8ae409A8D3f5 executed: 檢查小號 Gas 費餘額...
2026-08-19 16:22:00,469 [INFO] Address 0xEb6cFa14dfe297ecf6087247c7Ca8ae409A8D3f5 executed: 檢查小號 Gas 費餘額...
2026-08-19 16:22:08,408 [INFO] Address 0xEb6cFa14dfe297ecf6087247c7Ca8ae409A8D3f5 executed: 執行測試網協議智能合約互動...
2026-08-19 16:22:10,470 [INFO] Address 0xEb6cFa14dfe297ecf6087247c7Ca8ae409A8D3f5 executed: 檢測是否有可領取的空投或收益...
2026-08-19 16:22:18,409 [INFO] Address 0xEb6cFa14dfe297ecf6087247c7Ca8ae409A8D3f5 executed: 檢測是否有可領取的空投或收益...
2026-08-19 16:22:20,471 [INFO] Address 0xEb6cFa14dfe297ecf6087247c7Ca8ae409A8D3f5 executed: 執行測試網協議智能合約互動...
2026-08-19 16:22:28,410 [INFO] Address 0xEb6cFa14dfe297ecf6087247c7Ca8ae409A8D3f5 executed: 執行測試網協議智能合約互動...
2026-08-19 16:22:30,472 [INFO] Address 0xEb6cFa14dfe297ecf6087247c7Ca8ae409A8D3f5 executed: 檢測是否有可領取的空投或收益...
2026-08-19 16:22:38,414 [INFO] Address 0xEb6cFa14dfe297ecf6087247c7Ca8ae409A8D3f5 executed: 執行測試網協議智能合約互動...
2026-08-19 16:22:40,473 [INFO] Address 0xEb6cFa14dfe297ecf6087247c7Ca8ae409A8D3f5 executed: 檢測是否有可領取的空投或收益...
2026-08-19 16:22:48,416 [INFO] Address 0xEb6cFa14dfe297ecf6087247c7Ca8ae409A8D3f5 executed: 檢查小號 Gas 費餘額...
2026-08-19 16:22:50,474 [INFO] Address 0xEb6cFa14dfe297ecf6087247c7Ca8ae409A8D3f5 executed: 檢測是否有可領取的空投或收益...
2026-08-19 16:22:58,418 [INFO] Address 0xEb6cFa14dfe297ecf6087247c7Ca8ae409A8D3f5 executed: 檢測是否有可領取的空投或收益...
2026-08-19 16:23:00,476 [INFO] Address 0xEb6cFa14dfe297ecf6087247c7Ca8ae409A8D3f5 executed: 檢查小號 Gas 費餘額...
2026-08-19 16:23:08,421 [INFO] Address 0xEb6cFa14dfe297ecf6087247c7Ca8ae409A8D3f5 executed: 檢測是否有可領取的空投或收益...
2026-08-19 16:23:10,477 [INFO] Address 0xEb6cFa14dfe297ecf6087247c7Ca8ae409A8D3f5 executed: 檢測是否有可領取的空投或收益...
2026-08-19 16:23:18,423 [INFO] Address 0xEb6cFa14dfe297ecf6087247c7Ca8ae409A8D3f5 executed: 執行測試網協議智能合約互動...
2026-08-19 16:23:20,478 [INFO] Address 0xEb6cFa14dfe297ecf6087247c7Ca8ae409A8D3f5 executed: 符合條件：準備執行安全出金通道...
2026-08-19 16:23:28,426 [INFO] Address 0xEb6cFa14dfe297ecf6087247c7Ca8ae409A8D3f5 executed: 檢查小號 Gas 費餘額...
2026-08-19 16:23:30,481 [INFO] Address 0xEb6cFa14dfe297ecf6087247c7Ca8ae409A8D3f5 executed: 符合條件：準備執行安全出金通道...
2026-08-19 16:23:38,428 [INFO] Address 0xEb6cFa14dfe297ecf6087247c7Ca8ae409A8D3f5 executed: 執行測試網協議智能合約互動...
2026-08-19 16:23:40,483 [INFO] Address 0xEb6cFa14dfe297ecf6087247c7Ca8ae409A8D3f5 executed: 檢測是否有可領取的空投或收益...
2026-08-19 16:23:48,431 [INFO] Address 0xEb6cFa14dfe297ecf6087247c7Ca8ae409A8D3f5 executed: 檢測是否有可領取的空投或收益...
2026-08-19 16:23:50,486 [INFO] Address 0xEb6cFa14dfe297ecf6087247c7Ca8ae409A8D3f5 executed: 符合條件：準備執行安全出金通道...
2026-08-19 16:23:58,434 [INFO] Address 0xEb6cFa14dfe297ecf6087247c7Ca8ae409A8D3f5 executed: 檢測是否有可領取的空投或收益...
2026-08-19 16:24:00,490 [INFO] Address 0xEb6cFa14dfe297ecf6087247c7Ca8ae409A8D3f5 executed: 符合條件：準備執行安全出金通道...
2026-08-19 16:24:08,437 [INFO] Address 0xEb6cFa14dfe297ecf6087247c7Ca8ae409A8D3f5 executed: 檢測是否有可領取的空投或收益...
2026-08-19 16:24:10,491 [INFO] Address 0xEb6cFa14dfe297ecf6087247c7Ca8ae409A8D3f5 executed: 符合條件：準備執行安全出金通道...
2026-08-19 16:24:18,441 [INFO] Address 0xEb6cFa14dfe297ecf6087247c7Ca8ae409A8D3f5 executed: 執行測試網協議智能合約互動...
2026-08-19 16:24:20,495 [INFO] Address 0xEb6cFa14dfe297ecf6087247c7Ca8ae409A8D3f5 executed: 執行測試網協議智能合約互動...
2026-08-19 16:24:28,443 [INFO] Address 0xEb6cFa14dfe297ecf6087247c7Ca8ae409A8D3f5 executed: 符合條件：準備執行安全出金通道...
2026-08-19 16:24:30,497 [INFO] Address 0xEb6cFa14dfe297ecf6087247c7Ca8ae409A8D3f5 executed: 檢測是否有可領取的空投或收益...
2026-08-19 16:24:38,446 [INFO] Address 0xEb6cFa14dfe297ecf6087247c7Ca8ae409A8D3f5 executed: 執行測試網協議智能合約互動...
2026-08-19 16:24:40,500 [INFO] Address 0xEb6cFa14dfe297ecf6087247c7Ca8ae409A8D3f5 executed: 檢查小號 Gas 費餘額...
2026-08-19 16:24:48,449 [INFO] Address 0xEb6cFa14dfe297ecf6087247c7Ca8ae409A8D3f5 executed: 符合條件：準備執行安全出金通道...
2026-08-19 16:24:50,502 [INFO] Address 0xEb6cFa14dfe297ecf6087247c7Ca8ae409A8D3f5 executed: 檢查小號 Gas 費餘額...
2026-08-19 16:24:58,451 [INFO] Address 0xEb6cFa14dfe297ecf6087247c7Ca8ae409A8D3f5 executed: 檢測是否有可領取的空投或收益...
2026-08-19 16:25:00,505 [INFO] Address 0xEb6cFa14dfe297ecf6087247c7Ca8ae409A8D3f5 executed: 檢查小號 Gas 費餘額...
2026-08-19 16:25:08,453 [INFO] Address 0xEb6cFa14dfe297ecf6087247c7Ca8ae409A8D3f5 executed: 執行測試網協議智能合約互動...
2026-08-19 16:25:10,507 [INFO] Address 0xEb6cFa14dfe297ecf6087247c7Ca8ae409A8D3f5 executed: 檢查小號 Gas 費餘額...
2026-08-19 16:25:18,454 [INFO] Address 0xEb6cFa14dfe297ecf6087247c7Ca8ae409A8D3f5 executed: 檢測是否有可領取的空投或收益...
2026-08-19 16:25:20,510 [INFO] Address 0xEb6cFa14dfe297ecf6087247c7Ca8ae409A8D3f5 executed: 檢測是否有可領取的空投或收益...
2026-08-19 16:25:28,457 [INFO] Address 0xEb6cFa14dfe297ecf6087247c7Ca8ae409A8D3f5 executed: 執行測試網協議智能合約互動...
2026-08-19 16:25:30,512 [INFO] Address 0xEb6cFa14dfe297ecf6087247c7Ca8ae409A8D3f5 executed: 符合條件：準備執行安全出金通道...
2026-08-19 16:25:38,458 [INFO] Address 0xEb6cFa14dfe297ecf6087247c7Ca8ae409A8D3f5 executed: 執行測試網協議智能合約互動...
2026-08-19 16:25:40,513 [INFO] Address 0xEb6cFa14dfe297ecf6087247c7Ca8ae409A8D3f5 executed: 檢查小號 Gas 費餘額...
2026-08-19 16:25:48,462 [INFO] Address 0xEb6cFa14dfe297ecf6087247c7Ca8ae409A8D3f5 executed: 檢測是否有可領取的空投或收益...
2026-08-19 16:25:50,516 [INFO] Address 0xEb6cFa14dfe297ecf6087247c7Ca8ae409A8D3f5 executed: 檢測是否有可領取的空投或收益...
2026-08-19 16:25:58,465 [INFO] Address 0xEb6cFa14dfe297ecf6087247c7Ca8ae409A8D3f5 executed: 執行測試網協議智能合約互動...
2026-08-19 16:26:00,519 [INFO] Address 0xEb6cFa14dfe297ecf6087247c7Ca8ae409A8D3f5 executed: 檢測是否有可領取的空投或收益...
2026-08-19 16:26:08,466 [INFO] Address 0xEb6cFa14dfe297ecf6087247c7Ca8ae409A8D3f5 executed: 檢測是否有可領取的空投或收益...
2026-08-19 16:26:10,522 [INFO] Address 0xEb6cFa14dfe297ecf6087247c7Ca8ae409A8D3f5 executed: 執行測試網協議智能合約互動...
2026-08-19 16:26:18,468 [INFO] Address 0xEb6cFa14dfe297ecf6087247c7Ca8ae409A8D3f5 executed: 檢測是否有可領取的空投或收益...
2026-08-19 16:26:20,525 [INFO] Address 0xEb6cFa14dfe297ecf6087247c7Ca8ae409A8D3f5 executed: 檢查小號 Gas 費餘額...
2026-08-19 16:26:28,471 [INFO] Address 0xEb6cFa14dfe297ecf6087247c7Ca8ae409A8D3f5 executed: 檢測是否有可領取的空投或收益...
2026-08-19 16:26:30,528 [INFO] Address 0xEb6cFa14dfe297ecf6087247c7Ca8ae409A8D3f5 executed: 檢測是否有可領取的空投或收益...
2026-08-19 16:26:38,475 [INFO] Address 0xEb6cFa14dfe297ecf6087247c7Ca8ae409A8D3f5 executed: 檢查小號 Gas 費餘額...
2026-08-19 16:26:40,532 [INFO] Address 0xEb6cFa14dfe297ecf6087247c7Ca8ae409A8D3f5 executed: 檢測是否有可領取的空投或收益...
2026-08-19 16:26:48,477 [INFO] Address 0xEb6cFa14dfe297ecf6087247c7Ca8ae409A8D3f5 executed: 檢測是否有可領取的空投或收益...
2026-08-19 16:26:50,535 [INFO] Address 0xEb6cFa14dfe297ecf6087247c7Ca8ae409A8D3f5 executed: 檢查小號 Gas 費餘額...
2026-08-19 16:26:58,481 [INFO] Address 0xEb6cFa14dfe297ecf6087247c7Ca8ae409A8D3f5 executed: 檢查小號 Gas 費餘額...
2026-08-19 16:27:00,538 [INFO] Address 0xEb6cFa14dfe297ecf6087247c7Ca8ae409A8D3f5 executed: 執行測試網協議智能合約互動...
2026-08-19 16:27:08,483 [INFO] Address 0xEb6cFa14dfe297ecf6087247c7Ca8ae409A8D3f5 executed: 執行測試網協議智能合約互動...
2026-08-19 16:27:10,540 [INFO] Address 0xEb6cFa14dfe297ecf6087247c7Ca8ae409A8D3f5 executed: 符合條件：準備執行安全出金通道...
2026-08-19 16:27:18,485 [INFO] Address 0xEb6cFa14dfe297ecf6087247c7Ca8ae409A8D3f5 executed: 檢測是否有可領取的空投或收益...
2026-08-19 16:27:20,541 [INFO] Address 0xEb6cFa14dfe297ecf6087247c7Ca8ae409A8D3f5 executed: 檢查小號 Gas 費餘額...
2026-08-19 16:27:28,488 [INFO] Address 0xEb6cFa14dfe297ecf6087247c7Ca8ae409A8D3f5 executed: 符合條件：準備執行安全出金通道...
2026-08-19 16:27:30,544 [INFO] Address 0xEb6cFa14dfe297ecf6087247c7Ca8ae409A8D3f5 executed: 執行測試網協議智能合約互動...
2026-08-19 16:27:38,491 [INFO] Address 0xEb6cFa14dfe297ecf6087247c7Ca8ae409A8D3f5 executed: 符合條件：準備執行安全出金通道...
2026-08-19 16:27:40,548 [INFO] Address 0xEb6cFa14dfe297ecf6087247c7Ca8ae409A8D3f5 executed: 符合條件：準備執行安全出金通道...
2026-08-19 16:27:48,494 [INFO] Address 0xEb6cFa14dfe297ecf6087247c7Ca8ae409A8D3f5 executed: 執行測試網協議智能合約互動...
2026-08-19 16:27:50,552 [INFO] Address 0xEb6cFa14dfe297ecf6087247c7Ca8ae409A8D3f5 executed: 檢查小號 Gas 費餘額...
2026-08-19 16:27:58,496 [INFO] Address 0xEb6cFa14dfe297ecf6087247c7Ca8ae409A8D3f5 executed: 檢測是否有可領取的空投或收益...
2026-08-19 16:28:00,556 [INFO] Address 0xEb6cFa14dfe297ecf6087247c7Ca8ae409A8D3f5 executed: 執行測試網協議智能合約互動...
2026-08-19 16:28:08,500 [INFO] Address 0xEb6cFa14dfe297ecf6087247c7Ca8ae409A8D3f5 executed: 檢查小號 Gas 費餘額...
2026-08-19 16:28:10,558 [INFO] Address 0xEb6cFa14dfe297ecf6087247c7Ca8ae409A8D3f5 executed: 執行測試網協議智能合約互動...
2026-08-19 16:28:18,503 [INFO] Address 0xEb6cFa14dfe297ecf6087247c7Ca8ae409A8D3f5 executed: 檢查小號 Gas 費餘額...
2026-08-19 16:28:20,562 [INFO] Address 0xEb6cFa14dfe297ecf6087247c7Ca8ae409A8D3f5 executed: 檢測是否有可領取的空投或收益...
2026-08-19 16:28:28,507 [INFO] Address 0xEb6cFa14dfe297ecf6087247c7Ca8ae409A8D3f5 executed: 執行測試網協議智能合約互動...
2026-08-19 16:28:30,565 [INFO] Address 0xEb6cFa14dfe297ecf6087247c7Ca8ae409A8D3f5 executed: 執行測試網協議智能合約互動...
2026-08-19 16:28:38,509 [INFO] Address 0xEb6cFa14dfe297ecf6087247c7Ca8ae409A8D3f5 executed: 檢測是否有可領取的空投或收益...
2026-08-19 16:28:40,569 [INFO] Address 0xEb6cFa14dfe297ecf6087247c7Ca8ae409A8D3f5 executed: 檢測是否有可領取的空投或收益...
2026-08-19 16:28:48,511 [INFO] Address 0xEb6cFa14dfe297ecf6087247c7Ca8ae409A8D3f5 executed: 執行測試網協議智能合約互動...
2026-08-19 16:28:50,573 [INFO] Address 0xEb6cFa14dfe297ecf6087247c7Ca8ae409A8D3f5 executed: 執行測試網協議智能合約互動...
2026-08-19 16:28:58,513 [INFO] Address 0xEb6cFa14dfe297ecf6087247c7Ca8ae409A8D3f5 executed: 檢測是否有可領取的空投或收益...
2026-08-19 16:29:00,575 [INFO] Address 0xEb6cFa14dfe297ecf6087247c7Ca8ae409A8D3f5 executed: 執行測試網協議智能合約互動...
2026-08-19 16:29:08,515 [INFO] Address 0xEb6cFa14dfe297ecf6087247c7Ca8ae409A8D3f5 executed: 執行測試網協議智能合約互動...
2026-08-19 16:29:10,578 [INFO] Address 0xEb6cFa14dfe297ecf6087247c7Ca8ae409A8D3f5 executed: 檢查小號 Gas 費餘額...
2026-08-19 16:29:18,516 [INFO] Address 0xEb6cFa14dfe297ecf6087247c7Ca8ae409A8D3f5 executed: 執行測試網協議智能合約互動...
2026-08-19 16:29:20,580 [INFO] Address 0xEb6cFa14dfe297ecf6087247c7Ca8ae409A8D3f5 executed: 符合條件：準備執行安全出金通道...
2026-08-19 16:29:28,519 [INFO] Address 0xEb6cFa14dfe297ecf6087247c7Ca8ae409A8D3f5 executed: 檢測是否有可領取的空投或收益...
2026-08-19 16:29:30,582 [INFO] Address 0xEb6cFa14dfe297ecf6087247c7Ca8ae409A8D3f5 executed: 執行測試網協議智能合約互動...
2026-08-19 16:29:38,521 [INFO] Address 0xEb6cFa14dfe297ecf6087247c7Ca8ae409A8D3f5 executed: 符合條件：準備執行安全出金通道...
2026-08-19 16:29:40,585 [INFO] Address 0xEb6cFa14dfe297ecf6087247c7Ca8ae409A8D3f5 executed: 符合條件：準備執行安全出金通道...
2026-08-19 16:29:48,523 [INFO] Address 0xEb6cFa14dfe297ecf6087247c7Ca8ae409A8D3f5 executed: 符合條件：準備執行安全出金通道...
2026-08-19 16:29:50,588 [INFO] Address 0xEb6cFa14dfe297ecf6087247c7Ca8ae409A8D3f5 executed: 檢查小號 Gas 費餘額...
2026-08-19 16:29:58,526 [INFO] Address 0xEb6cFa14dfe297ecf6087247c7Ca8ae409A8D3f5 executed: 符合條件：準備執行安全出金通道...
2026-08-19 16:30:00,590 [INFO] Address 0xEb6cFa14dfe297ecf6087247c7Ca8ae409A8D3f5 executed: 執行測試網協議智能合約互動...
2026-08-19 16:30:08,528 [INFO] Address 0xEb6cFa14dfe297ecf6087247c7Ca8ae409A8D3f5 executed: 符合條件：準備執行安全出金通道...
2026-08-19 16:30:10,593 [INFO] Address 0xEb6cFa14dfe297ecf6087247c7Ca8ae409A8D3f5 executed: 檢查小號 Gas 費餘額...
2026-08-19 16:30:18,530 [INFO] Address 0xEb6cFa14dfe297ecf6087247c7Ca8ae409A8D3f5 executed: 執行測試網協議智能合約互動...
2026-08-19 16:30:20,594 [INFO] Address 0xEb6cFa14dfe297ecf6087247c7Ca8ae409A8D3f5 executed: 符合條件：準備執行安全出金通道...
2026-08-19 16:30:28,534 [INFO] Address 0xEb6cFa14dfe297ecf6087247c7Ca8ae409A8D3f5 executed: 檢測是否有可領取的空投或收益...
2026-08-19 16:30:30,598 [INFO] Address 0xEb6cFa14dfe297ecf6087247c7Ca8ae409A8D3f5 executed: 執行測試網協議智能合約互動...
2026-08-19 16:30:38,537 [INFO] Address 0xEb6cFa14dfe297ecf6087247c7Ca8ae409A8D3f5 executed: 檢測是否有可領取的空投或收益...
2026-08-19 16:30:40,601 [INFO] Address 0xEb6cFa14dfe297ecf6087247c7Ca8ae409A8D3f5 executed: 符合條件：準備執行安全出金通道...
2026-08-19 16:30:48,539 [INFO] Address 0xEb6cFa14dfe297ecf6087247c7Ca8ae409A8D3f5 executed: 執行測試網協議智能合約互動...
2026-08-19 16:30:50,605 [INFO] Address 0xEb6cFa14dfe297ecf6087247c7Ca8ae409A8D3f5 executed: 符合條件：準備執行安全出金通道...
2026-08-19 16:30:58,542 [INFO] Address 0xEb6cFa14dfe297ecf6087247c7Ca8ae409A8D3f5 executed: 檢查小號 Gas 費餘額...
2026-08-19 16:31:00,607 [INFO] Address 0xEb6cFa14dfe297ecf6087247c7Ca8ae409A8D3f5 executed: 符合條件：準備執行安全出金通道...
2026-08-19 16:31:08,544 [INFO] Address 0xEb6cFa14dfe297ecf6087247c7Ca8ae409A8D3f5 executed: 檢查小號 Gas 費餘額...
2026-08-19 16:31:10,610 [INFO] Address 0xEb6cFa14dfe297ecf6087247c7Ca8ae409A8D3f5 executed: 檢查小號 Gas 費餘額...
2026-08-19 16:31:18,547 [INFO] Address 0xEb6cFa14dfe297ecf6087247c7Ca8ae409A8D3f5 executed: 執行測試網協議智能合約互動...
2026-08-19 16:31:20,613 [INFO] Address 0xEb6cFa14dfe297ecf6087247c7Ca8ae409A8D3f5 executed: 執行測試網協議智能合約互動...
2026-08-19 16:31:28,550 [INFO] Address 0xEb6cFa14dfe297ecf6087247c7Ca8ae409A8D3f5 executed: 檢測是否有可領取的空投或收益...
2026-08-19 16:31:30,615 [INFO] Address 0xEb6cFa14dfe297ecf6087247c7Ca8ae409A8D3f5 executed: 檢測是否有可領取的空投或收益...
2026-08-19 16:31:38,552 [INFO] Address 0xEb6cFa14dfe297ecf6087247c7Ca8ae409A8D3f5 executed: 執行測試網協議智能合約互動...
2026-08-19 16:31:40,617 [INFO] Address 0xEb6cFa14dfe297ecf6087247c7Ca8ae409A8D3f5 executed: 符合條件：準備執行安全出金通道...
2026-08-19 16:31:48,552 [INFO] Address 0xEb6cFa14dfe297ecf6087247c7Ca8ae409A8D3f5 executed: 檢查小號 Gas 費餘額...
2026-08-19 16:31:50,619 [INFO] Address 0xEb6cFa14dfe297ecf6087247c7Ca8ae409A8D3f5 executed: 符合條件：準備執行安全出金通道...
2026-08-19 16:31:58,555 [INFO] Address 0xEb6cFa14dfe297ecf6087247c7Ca8ae409A8D3f5 executed: 符合條件：準備執行安全出金通道...
2026-08-19 16:32:00,624 [INFO] Address 0xEb6cFa14dfe297ecf6087247c7Ca8ae409A8D3f5 executed: 符合條件：準備執行安全出金通道...
2026-08-19 16:32:08,557 [INFO] Address 0xEb6cFa14dfe297ecf6087247c7Ca8ae409A8D3f5 executed: 檢測是否有可領取的空投或收益...
2026-08-19 16:32:10,625 [INFO] Address 0xEb6cFa14dfe297ecf6087247c7Ca8ae409A8D3f5 executed: 檢測是否有可領取的空投或收益...
2026-08-19 16:32:18,559 [INFO] Address 0xEb6cFa14dfe297ecf6087247c7Ca8ae409A8D3f5 executed: 檢查小號 Gas 費餘額...
2026-08-19 16:32:20,628 [INFO] Address 0xEb6cFa14dfe297ecf6087247c7Ca8ae409A8D3f5 executed: 符合條件：準備執行安全出金通道...
2026-08-19 16:32:28,561 [INFO] Address 0xEb6cFa14dfe297ecf6087247c7Ca8ae409A8D3f5 executed: 執行測試網協議智能合約互動...
2026-08-19 16:32:30,630 [INFO] Address 0xEb6cFa14dfe297ecf6087247c7Ca8ae409A8D3f5 executed: 符合條件：準備執行安全出金通道...
2026-08-19 16:32:38,565 [INFO] Address 0xEb6cFa14dfe297ecf6087247c7Ca8ae409A8D3f5 executed: 檢查小號 Gas 費餘額...
2026-08-19 16:32:40,631 [INFO] Address 0xEb6cFa14dfe297ecf6087247c7Ca8ae409A8D3f5 executed: 執行測試網協議智能合約互動...
2026-08-19 16:32:48,569 [INFO] Address 0xEb6cFa14dfe297ecf6087247c7Ca8ae409A8D3f5 executed: 檢測是否有可領取的空投或收益...
2026-08-19 16:32:50,632 [INFO] Address 0xEb6cFa14dfe297ecf6087247c7Ca8ae409A8D3f5 executed: 執行測試網協議智能合約互動...
2026-08-19 16:32:58,570 [INFO] Address 0xEb6cFa14dfe297ecf6087247c7Ca8ae409A8D3f5 executed: 符合條件：準備執行安全出金通道...
2026-08-19 16:33:00,634 [INFO] Address 0xEb6cFa14dfe297ecf6087247c7Ca8ae409A8D3f5 executed: 執行測試網協議智能合約互動...
2026-08-19 16:33:08,571 [INFO] Address 0xEb6cFa14dfe297ecf6087247c7Ca8ae409A8D3f5 executed: 執行測試網協議智能合約互動...
2026-08-19 16:33:10,638 [INFO] Address 0xEb6cFa14dfe297ecf6087247c7Ca8ae409A8D3f5 executed: 檢查小號 Gas 費餘額...
2026-08-19 16:33:18,572 [INFO] Address 0xEb6cFa14dfe297ecf6087247c7Ca8ae409A8D3f5 executed: 執行測試網協議智能合約互動...
2026-08-19 16:33:20,639 [INFO] Address 0xEb6cFa14dfe297ecf6087247c7Ca8ae409A8D3f5 executed: 檢測是否有可領取的空投或收益...
2026-08-19 16:33:28,573 [INFO] Address 0xEb6cFa14dfe297ecf6087247c7Ca8ae409A8D3f5 executed: 執行測試網協議智能合約互動...
2026-08-19 16:33:30,643 [INFO] Address 0xEb6cFa14dfe297ecf6087247c7Ca8ae409A8D3f5 executed: 執行測試網協議智能合約互動...
2026-08-19 16:33:38,577 [INFO] Address 0xEb6cFa14dfe297ecf6087247c7Ca8ae409A8D3f5 executed: 檢測是否有可領取的空投或收益...
2026-08-19 16:33:40,646 [INFO] Address 0xEb6cFa14dfe297ecf6087247c7Ca8ae409A8D3f5 executed: 檢測是否有可領取的空投或收益...
2026-08-19 16:33:48,580 [INFO] Address 0xEb6cFa14dfe297ecf6087247c7Ca8ae409A8D3f5 executed: 符合條件：準備執行安全出金通道...
2026-08-19 16:33:50,649 [INFO] Address 0xEb6cFa14dfe297ecf6087247c7Ca8ae409A8D3f5 executed: 執行測試網協議智能合約互動...
2026-08-19 16:33:58,584 [INFO] Address 0xEb6cFa14dfe297ecf6087247c7Ca8ae409A8D3f5 executed: 執行測試網協議智能合約互動...
2026-08-19 16:34:00,651 [INFO] Address 0xEb6cFa14dfe297ecf6087247c7Ca8ae409A8D3f5 executed: 符合條件：準備執行安全出金通道...
2026-08-19 16:34:08,585 [INFO] Address 0xEb6cFa14dfe297ecf6087247c7Ca8ae409A8D3f5 executed: 檢查小號 Gas 費餘額...
2026-08-19 16:34:10,652 [INFO] Address 0xEb6cFa14dfe297ecf6087247c7Ca8ae409A8D3f5 executed: 符合條件：準備執行安全出金通道...
2026-08-19 16:34:18,589 [INFO] Address 0xEb6cFa14dfe297ecf6087247c7Ca8ae409A8D3f5 executed: 符合條件：準備執行安全出金通道...
2026-08-19 16:34:20,653 [INFO] Address 0xEb6cFa14dfe297ecf6087247c7Ca8ae409A8D3f5 executed: 執行測試網協議智能合約互動...
2026-08-19 16:34:28,591 [INFO] Address 0xEb6cFa14dfe297ecf6087247c7Ca8ae409A8D3f5 executed: 檢測是否有可領取的空投或收益...
2026-08-19 16:34:30,655 [INFO] Address 0xEb6cFa14dfe297ecf6087247c7Ca8ae409A8D3f5 executed: 符合條件：準備執行安全出金通道...
2026-08-19 16:34:38,593 [INFO] Address 0xEb6cFa14dfe297ecf6087247c7Ca8ae409A8D3f5 executed: 執行測試網協議智能合約互動...
2026-08-19 16:34:40,658 [INFO] Address 0xEb6cFa14dfe297ecf6087247c7Ca8ae409A8D3f5 executed: 符合條件：準備執行安全出金通道...
2026-08-19 16:34:48,594 [INFO] Address 0xEb6cFa14dfe297ecf6087247c7Ca8ae409A8D3f5 executed: 檢測是否有可領取的空投或收益...
2026-08-19 16:34:50,660 [INFO] Address 0xEb6cFa14dfe297ecf6087247c7Ca8ae409A8D3f5 executed: 檢查小號 Gas 費餘額...
2026-08-19 16:34:58,597 [INFO] Address 0xEb6cFa14dfe297ecf6087247c7Ca8ae409A8D3f5 executed: 檢查小號 Gas 費餘額...
2026-08-19 16:35:00,663 [INFO] Address 0xEb6cFa14dfe297ecf6087247c7Ca8ae409A8D3f5 executed: 檢查小號 Gas 費餘額...
2026-08-19 16:35:08,601 [INFO] Address 0xEb6cFa14dfe297ecf6087247c7Ca8ae409A8D3f5 executed: 檢測是否有可領取的空投或收益...
2026-08-19 16:35:10,665 [INFO] Address 0xEb6cFa14dfe297ecf6087247c7Ca8ae409A8D3f5 executed: 符合條件：準備執行安全出金通道...
2026-08-19 16:35:18,602 [INFO] Address 0xEb6cFa14dfe297ecf6087247c7Ca8ae409A8D3f5 executed: 檢查小號 Gas 費餘額...
2026-08-19 16:35:20,672 [INFO] Address 0xEb6cFa14dfe297ecf6087247c7Ca8ae409A8D3f5 executed: 檢查小號 Gas 費餘額...
2026-08-19 16:35:28,604 [INFO] Address 0xEb6cFa14dfe297ecf6087247c7Ca8ae409A8D3f5 executed: 檢測是否有可領取的空投或收益...
2026-08-19 16:35:30,674 [INFO] Address 0xEb6cFa14dfe297ecf6087247c7Ca8ae409A8D3f5 executed: 符合條件：準備執行安全出金通道...
2026-08-19 16:35:38,606 [INFO] Address 0xEb6cFa14dfe297ecf6087247c7Ca8ae409A8D3f5 executed: 檢測是否有可領取的空投或收益...
2026-08-19 16:35:40,680 [INFO] Address 0xEb6cFa14dfe297ecf6087247c7Ca8ae409A8D3f5 executed: 符合條件：準備執行安全出金通道...
2026-08-19 16:35:48,608 [INFO] Address 0xEb6cFa14dfe297ecf6087247c7Ca8ae409A8D3f5 executed: 檢查小號 Gas 費餘額...
2026-08-19 16:35:50,681 [INFO] Address 0xEb6cFa14dfe297ecf6087247c7Ca8ae409A8D3f5 executed: 執行測試網協議智能合約互動...
2026-08-19 16:35:58,609 [INFO] Address 0xEb6cFa14dfe297ecf6087247c7Ca8ae409A8D3f5 executed: 執行測試網協議智能合約互動...
2026-08-19 16:36:00,681 [INFO] Address 0xEb6cFa14dfe297ecf6087247c7Ca8ae409A8D3f5 executed: 執行測試網協議智能合約互動...
2026-08-19 16:36:08,612 [INFO] Address 0xEb6cFa14dfe297ecf6087247c7Ca8ae409A8D3f5 executed: 檢測是否有可領取的空投或收益...
2026-08-19 16:36:10,683 [INFO] Address 0xEb6cFa14dfe297ecf6087247c7Ca8ae409A8D3f5 executed: 檢查小號 Gas 費餘額...
2026-08-19 16:36:18,614 [INFO] Address 0xEb6cFa14dfe297ecf6087247c7Ca8ae409A8D3f5 executed: 執行測試網協議智能合約互動...
2026-08-19 16:36:20,685 [INFO] Address 0xEb6cFa14dfe297ecf6087247c7Ca8ae409A8D3f5 executed: 檢測是否有可領取的空投或收益...
2026-08-19 16:36:28,616 [INFO] Address 0xEb6cFa14dfe297ecf6087247c7Ca8ae409A8D3f5 executed: 符合條件：準備執行安全出金通道...
2026-08-19 16:36:30,686 [INFO] Address 0xEb6cFa14dfe297ecf6087247c7Ca8ae409A8D3f5 executed: 執行測試網協議智能合約互動...
2026-08-19 16:36:38,618 [INFO] Address 0xEb6cFa14dfe297ecf6087247c7Ca8ae409A8D3f5 executed: 檢查小號 Gas 費餘額...
2026-08-19 16:36:40,687 [INFO] Address 0xEb6cFa14dfe297ecf6087247c7Ca8ae409A8D3f5 executed: 檢測是否有可領取的空投或收益...
2026-08-19 16:36:48,620 [INFO] Address 0xEb6cFa14dfe297ecf6087247c7Ca8ae409A8D3f5 executed: 檢測是否有可領取的空投或收益...
2026-08-19 16:36:50,690 [INFO] Address 0xEb6cFa14dfe297ecf6087247c7Ca8ae409A8D3f5 executed: 檢測是否有可領取的空投或收益...
2026-08-19 16:36:58,622 [INFO] Address 0xEb6cFa14dfe297ecf6087247c7Ca8ae409A8D3f5 executed: 執行測試網協議智能合約互動...
2026-08-19 16:37:00,692 [INFO] Address 0xEb6cFa14dfe297ecf6087247c7Ca8ae409A8D3f5 executed: 檢測是否有可領取的空投或收益...
2026-08-19 16:37:08,626 [INFO] Address 0xEb6cFa14dfe297ecf6087247c7Ca8ae409A8D3f5 executed: 執行測試網協議智能合約互動...
2026-08-19 16:37:10,693 [INFO] Address 0xEb6cFa14dfe297ecf6087247c7Ca8ae409A8D3f5 executed: 檢查小號 Gas 費餘額...
2026-08-19 16:37:18,629 [INFO] Address 0xEb6cFa14dfe297ecf6087247c7Ca8ae409A8D3f5 executed: 符合條件：準備執行安全出金通道...
2026-08-19 16:37:20,694 [INFO] Address 0xEb6cFa14dfe297ecf6087247c7Ca8ae409A8D3f5 executed: 檢測是否有可領取的空投或收益...
2026-08-19 16:37:28,632 [INFO] Address 0xEb6cFa14dfe297ecf6087247c7Ca8ae409A8D3f5 executed: 檢查小號 Gas 費餘額...
2026-08-19 16:37:30,696 [INFO] Address 0xEb6cFa14dfe297ecf6087247c7Ca8ae409A8D3f5 executed: 執行測試網協議智能合約互動...
2026-08-19 16:37:38,635 [INFO] Address 0xEb6cFa14dfe297ecf6087247c7Ca8ae409A8D3f5 executed: 執行測試網協議智能合約互動...
2026-08-19 16:37:40,697 [INFO] Address 0xEb6cFa14dfe297ecf6087247c7Ca8ae409A8D3f5 executed: 檢查小號 Gas 費餘額...
2026-08-19 16:37:48,637 [INFO] Address 0xEb6cFa14dfe297ecf6087247c7Ca8ae409A8D3f5 executed: 符合條件：準備執行安全出金通道...
2026-08-19 16:37:50,700 [INFO] Address 0xEb6cFa14dfe297ecf6087247c7Ca8ae409A8D3f5 executed: 檢測是否有可領取的空投或收益...
2026-08-19 16:37:58,639 [INFO] Address 0xEb6cFa14dfe297ecf6087247c7Ca8ae409A8D3f5 executed: 符合條件：準備執行安全出金通道...
2026-08-19 16:38:00,702 [INFO] Address 0xEb6cFa14dfe297ecf6087247c7Ca8ae409A8D3f5 executed: 檢查小號 Gas 費餘額...
2026-08-19 16:38:08,642 [INFO] Address 0xEb6cFa14dfe297ecf6087247c7Ca8ae409A8D3f5 executed: 符合條件：準備執行安全出金通道...
2026-08-19 16:38:10,703 [INFO] Address 0xEb6cFa14dfe297ecf6087247c7Ca8ae409A8D3f5 executed: 執行測試網協議智能合約互動...
2026-08-19 16:38:18,645 [INFO] Address 0xEb6cFa14dfe297ecf6087247c7Ca8ae409A8D3f5 executed: 執行測試網協議智能合約互動...
2026-08-19 16:38:20,706 [INFO] Address 0xEb6cFa14dfe297ecf6087247c7Ca8ae409A8D3f5 executed: 符合條件：準備執行安全出金通道...
2026-08-19 16:38:28,647 [INFO] Address 0xEb6cFa14dfe297ecf6087247c7Ca8ae409A8D3f5 executed: 檢查小號 Gas 費餘額...
2026-08-19 16:38:30,710 [INFO] Address 0xEb6cFa14dfe297ecf6087247c7Ca8ae409A8D3f5 executed: 符合條件：準備執行安全出金通道...
2026-08-19 16:38:38,649 [INFO] Address 0xEb6cFa14dfe297ecf6087247c7Ca8ae409A8D3f5 executed: 檢查小號 Gas 費餘額...
2026-08-19 16:38:40,711 [INFO] Address 0xEb6cFa14dfe297ecf6087247c7Ca8ae409A8D3f5 executed: 執行測試網協議智能合約互動...
2026-08-19 16:38:48,651 [INFO] Address 0xEb6cFa14dfe297ecf6087247c7Ca8ae409A8D3f5 executed: 符合條件：準備執行安全出金通道...
2026-08-19 16:38:50,714 [INFO] Address 0xEb6cFa14dfe297ecf6087247c7Ca8ae409A8D3f5 executed: 執行測試網協議智能合約互動...
2026-08-19 16:38:58,652 [INFO] Address 0xEb6cFa14dfe297ecf6087247c7Ca8ae409A8D3f5 executed: 符合條件：準備執行安全出金通道...
2026-08-19 16:39:00,717 [INFO] Address 0xEb6cFa14dfe297ecf6087247c7Ca8ae409A8D3f5 executed: 符合條件：準備執行安全出金通道...
2026-08-19 16:39:08,655 [INFO] Address 0xEb6cFa14dfe297ecf6087247c7Ca8ae409A8D3f5 executed: 檢測是否有可領取的空投或收益...
2026-08-19 16:39:10,719 [INFO] Address 0xEb6cFa14dfe297ecf6087247c7Ca8ae409A8D3f5 executed: 執行測試網協議智能合約互動...
2026-08-19 16:39:18,659 [INFO] Address 0xEb6cFa14dfe297ecf6087247c7Ca8ae409A8D3f5 executed: 檢查小號 Gas 費餘額...
2026-08-19 16:39:20,723 [INFO] Address 0xEb6cFa14dfe297ecf6087247c7Ca8ae409A8D3f5 executed: 檢測是否有可領取的空投或收益...
2026-08-19 16:39:28,663 [INFO] Address 0xEb6cFa14dfe297ecf6087247c7Ca8ae409A8D3f5 executed: 符合條件：準備執行安全出金通道...
2026-08-19 16:39:30,724 [INFO] Address 0xEb6cFa14dfe297ecf6087247c7Ca8ae409A8D3f5 executed: 檢測是否有可領取的空投或收益...
2026-08-19 16:39:38,665 [INFO] Address 0xEb6cFa14dfe297ecf6087247c7Ca8ae409A8D3f5 executed: 符合條件：準備執行安全出金通道...
2026-08-19 16:39:40,725 [INFO] Address 0xEb6cFa14dfe297ecf6087247c7Ca8ae409A8D3f5 executed: 執行測試網協議智能合約互動...
2026-08-19 16:39:48,666 [INFO] Address 0xEb6cFa14dfe297ecf6087247c7Ca8ae409A8D3f5 executed: 檢測是否有可領取的空投或收益...
2026-08-19 16:39:50,726 [INFO] Address 0xEb6cFa14dfe297ecf6087247c7Ca8ae409A8D3f5 executed: 檢測是否有可領取的空投或收益...
2026-08-19 16:39:58,667 [INFO] Address 0xEb6cFa14dfe297ecf6087247c7Ca8ae409A8D3f5 executed: 檢查小號 Gas 費餘額...
2026-08-19 16:40:00,727 [INFO] Address 0xEb6cFa14dfe297ecf6087247c7Ca8ae409A8D3f5 executed: 檢測是否有可領取的空投或收益...
2026-08-19 16:40:08,669 [INFO] Address 0xEb6cFa14dfe297ecf6087247c7Ca8ae409A8D3f5 executed: 檢查小號 Gas 費餘額...
2026-08-19 16:40:10,728 [INFO] Address 0xEb6cFa14dfe297ecf6087247c7Ca8ae409A8D3f5 executed: 檢測是否有可領取的空投或收益...
2026-08-19 16:40:18,671 [INFO] Address 0xEb6cFa14dfe297ecf6087247c7Ca8ae409A8D3f5 executed: 檢測是否有可領取的空投或收益...
2026-08-19 16:40:20,733 [INFO] Address 0xEb6cFa14dfe297ecf6087247c7Ca8ae409A8D3f5 executed: 檢查小號 Gas 費餘額...
2026-08-19 16:40:28,673 [INFO] Address 0xEb6cFa14dfe297ecf6087247c7Ca8ae409A8D3f5 executed: 執行測試網協議智能合約互動...
2026-08-19 16:40:30,736 [INFO] Address 0xEb6cFa14dfe297ecf6087247c7Ca8ae409A8D3f5 executed: 符合條件：準備執行安全出金通道...
2026-08-19 16:40:38,676 [INFO] Address 0xEb6cFa14dfe297ecf6087247c7Ca8ae409A8D3f5 executed: 檢測是否有可領取的空投或收益...
2026-08-19 16:40:40,738 [INFO] Address 0xEb6cFa14dfe297ecf6087247c7Ca8ae409A8D3f5 executed: 符合條件：準備執行安全出金通道...
2026-08-19 16:40:48,678 [INFO] Address 0xEb6cFa14dfe297ecf6087247c7Ca8ae409A8D3f5 executed: 符合條件：準備執行安全出金通道...
2026-08-19 16:40:50,741 [INFO] Address 0xEb6cFa14dfe297ecf6087247c7Ca8ae409A8D3f5 executed: 檢查小號 Gas 費餘額...
2026-08-19 16:40:58,679 [INFO] Address 0xEb6cFa14dfe297ecf6087247c7Ca8ae409A8D3f5 executed: 檢查小號 Gas 費餘額...
2026-08-19 16:41:00,744 [INFO] Address 0xEb6cFa14dfe297ecf6087247c7Ca8ae409A8D3f5 executed: 執行測試網協議智能合約互動...
2026-08-19 16:41:08,683 [INFO] Address 0xEb6cFa14dfe297ecf6087247c7Ca8ae409A8D3f5 executed: 符合條件：準備執行安全出金通道...
2026-08-19 16:41:10,745 [INFO] Address 0xEb6cFa14dfe297ecf6087247c7Ca8ae409A8D3f5 executed: 檢測是否有可領取的空投或收益...
2026-08-19 16:41:18,684 [INFO] Address 0xEb6cFa14dfe297ecf6087247c7Ca8ae409A8D3f5 executed: 符合條件：準備執行安全出金通道...
2026-08-19 16:41:20,746 [INFO] Address 0xEb6cFa14dfe297ecf6087247c7Ca8ae409A8D3f5 executed: 檢測是否有可領取的空投或收益...
2026-08-19 16:41:28,686 [INFO] Address 0xEb6cFa14dfe297ecf6087247c7Ca8ae409A8D3f5 executed: 檢測是否有可領取的空投或收益...
2026-08-19 16:41:30,747 [INFO] Address 0xEb6cFa14dfe297ecf6087247c7Ca8ae409A8D3f5 executed: 檢查小號 Gas 費餘額...
2026-08-19 16:41:38,689 [INFO] Address 0xEb6cFa14dfe297ecf6087247c7Ca8ae409A8D3f5 executed: 檢測是否有可領取的空投或收益...
2026-08-19 16:41:40,748 [INFO] Address 0xEb6cFa14dfe297ecf6087247c7Ca8ae409A8D3f5 executed: 檢測是否有可領取的空投或收益...
2026-08-19 16:41:48,691 [INFO] Address 0xEb6cFa14dfe297ecf6087247c7Ca8ae409A8D3f5 executed: 符合條件：準備執行安全出金通道...
2026-08-19 16:41:50,750 [INFO] Address 0xEb6cFa14dfe297ecf6087247c7Ca8ae409A8D3f5 executed: 檢查小號 Gas 費餘額...
2026-08-19 16:41:58,693 [INFO] Address 0xEb6cFa14dfe297ecf6087247c7Ca8ae409A8D3f5 executed: 檢查小號 Gas 費餘額...
2026-08-19 16:42:00,752 [INFO] Address 0xEb6cFa14dfe297ecf6087247c7Ca8ae409A8D3f5 executed: 檢查小號 Gas 費餘額...
2026-08-19 16:42:08,696 [INFO] Address 0xEb6cFa14dfe297ecf6087247c7Ca8ae409A8D3f5 executed: 檢查小號 Gas 費餘額...
2026-08-19 16:42:10,754 [INFO] Address 0xEb6cFa14dfe297ecf6087247c7Ca8ae409A8D3f5 executed: 執行測試網協議智能合約互動...
2026-08-19 16:42:18,700 [INFO] Address 0xEb6cFa14dfe297ecf6087247c7Ca8ae409A8D3f5 executed: 檢測是否有可領取的空投或收益...
2026-08-19 16:42:20,756 [INFO] Address 0xEb6cFa14dfe297ecf6087247c7Ca8ae409A8D3f5 executed: 檢查小號 Gas 費餘額...
2026-08-19 16:42:28,702 [INFO] Address 0xEb6cFa14dfe297ecf6087247c7Ca8ae409A8D3f5 executed: 符合條件：準備執行安全出金通道...
2026-08-19 16:42:30,759 [INFO] Address 0xEb6cFa14dfe297ecf6087247c7Ca8ae409A8D3f5 executed: 符合條件：準備執行安全出金通道...
2026-08-19 16:42:38,702 [INFO] Address 0xEb6cFa14dfe297ecf6087247c7Ca8ae409A8D3f5 executed: 執行測試網協議智能合約互動...
2026-08-19 16:42:40,762 [INFO] Address 0xEb6cFa14dfe297ecf6087247c7Ca8ae409A8D3f5 executed: 符合條件：準備執行安全出金通道...
2026-08-19 16:42:48,703 [INFO] Address 0xEb6cFa14dfe297ecf6087247c7Ca8ae409A8D3f5 executed: 執行測試網協議智能合約互動...
[2026-08-19 20:57:10] === 啟動真實核心運作週期 ===
[2026-08-19 20:57:40] === 啟動真實核心運作週期 ===
[2026-08-19 20:57:40] 執行系統指令: uname -a
[2026-08-19 20:57:40] 指令執行成功
[2026-08-19 20:57:40] 系統環境檢查完成: Linux localhost 4.19.157-perf-g05b801d6d71c #1 SMP PREEMPT Thu Mar 20 10:29:12 UTC 2025 aarch64 Android
[2026-08-19 20:57:40] 目前累計執行次數: 1
[2026-08-19 20:57:40] === 核心運作週期結束 ===
