2026-08-22 06:02:07,956 [INFO] === 背景多工自主系統已啟動 (Telegram 保持純淨通知模式) ===
2026-08-22 06:02:07,971 [INFO] 🌱 [背景擴充] 系統正在本地自主優化與擴充...
2026-08-22 06:02:07,972 [INFO] 🛠️ [背景修復] 系統正在進行本地日誌檢測與自我修復...
2026-08-22 06:02:07,972 [INFO] 🌐 [背景資料] 正在同步外部最新資訊...
2026-08-22 06:08:45,820 [INFO] === 背景多工自主系統已啟動 (Telegram 保持純淨通知模式) ===
2026-08-22 06:08:45,823 [INFO] 🌱 [背景擴充] 系統正在本地自主優化與擴充...
2026-08-22 06:08:45,823 [INFO] 🛠️ [背景修復] 系統正在進行本地日誌檢測與自我修復...
2026-08-22 06:08:45,824 [INFO] 🌐 [背景資料] 正在同步外部最新資訊...
2026-08-22 06:16:54,340 [INFO] === 背景多工自主系統已啟動 (Telegram 按鈕互動模式) ===
2026-08-22 06:16:54,343 [INFO] 🌱 [背景擴充] 系統正在本地自主優化與擴充...
2026-08-22 06:16:54,344 [INFO] 🌐 [背景資料] 正在同步外部最新資訊...
2026-08-22 06:16:54,344 [INFO] 🛠️ [背景修復] 系統正在進行本地日誌檢測與自我修復...
2026-08-22 06:38:45,826 [INFO] 🛠️ [背景修復] 系統正在進行本地日誌檢測與自我修復...
2026-08-22 06:46:54,356 [INFO] 🛠️ [背景修復] 系統正在進行本地日誌檢測與自我修復...
2026-08-22 06:53:45,830 [INFO] 🌐 [背景資料] 正在同步外部最新資訊...
2026-08-22 07:01:54,346 [INFO] 🌐 [背景資料] 正在同步外部最新資訊...
2026-08-22 07:08:45,825 [INFO] 🌱 [背景擴充] 系統正在本地自主優化與擴充...
2026-08-22 07:08:45,835 [INFO] 🛠️ [背景修復] 系統正在進行本地日誌檢測與自我修復...
2026-08-22 07:16:54,346 [INFO] 🌱 [背景擴充] 系統正在本地自主優化與擴充...
2026-08-22 07:16:54,375 [INFO] 🛠️ [背景修復] 系統正在進行本地日誌檢測與自我修復...
2026-08-22 07:28:52,690 [INFO] === AI 終極自動化代理機器人已啟動 ===
2026-08-22 07:29:03,277 [INFO] === AI 終極自動化代理機器人已啟動 ===
2026-08-22 07:38:45,851 [INFO] 🌐 [背景資料] 正在同步外部最新資訊...
2026-08-22 07:38:45,852 [INFO] 🛠️ [背景修復] 系統正在進行本地日誌檢測與自我修復...
2026-08-22 07:46:54,365 [INFO] 🌐 [背景資料] 正在同步外部最新資訊...
2026-08-22 07:46:54,381 [INFO] 🛠️ [背景修復] 系統正在進行本地日誌檢測與自我修復...
2026-08-22 08:08:45,853 [INFO] 🌱 [背景擴充] 系統正在本地自主優化與擴充...
2026-08-22 08:08:45,855 [INFO] 🛠️ [背景修復] 系統正在進行本地日誌檢測與自我修復...
2026-08-22 08:16:54,358 [INFO] 🌱 [背景擴充] 系統正在本地自主優化與擴充...
2026-08-22 08:16:54,386 [INFO] 🛠️ [背景修復] 系統正在進行本地日誌檢測與自我修復...
2026-08-22 08:23:45,863 [INFO] 🌐 [背景資料] 正在同步外部最新資訊...
2026-08-22 08:31:54,403 [INFO] 🌐 [背景資料] 正在同步外部最新資訊...
2026-08-22 08:38:45,873 [INFO] 🛠️ [背景修復] 系統正在進行本地日誌檢測與自我修復...
2026-08-22 08:46:54,387 [INFO] 🛠️ [背景修復] 系統正在進行本地日誌檢測與自我修復...
2026-08-22 09:08:45,873 [INFO] 🌱 [背景擴充] 系統正在本地自主優化與擴充...
2026-08-22 09:08:45,882 [INFO] 🌐 [背景資料] 正在同步外部最新資訊...
2026-08-22 09:08:45,900 [INFO] 🛠️ [背景修復] 系統正在進行本地日誌檢測與自我修復...
